// Jest Snapshot v1, https://goo.gl/fbAQLP

exports[`Header.vue renders header correctly 1`] = `
<div
  class="header-container"
>
  <searchbar-stub
    style="width: 50%;"
  />
   
  <favoritesection-stub />
</div>
`;
